// Jest Snapshot v1, https://goo.gl/fbAQLP

exports[`runAll should not output config in non verbose mode 1`] = `
"Running tasks for * [started]
Running tasks for * [skipped]
→ No staged files match *
"
`;

exports[`runAll should ouput config in verbose mode 1`] = `
"
Running lint-staged with the following config:
{
	verbose: true,
	linters: {
		'*': 'mytask'
	},
	concurrent: true,
	chunkSize: 9007199254740991,
	gitDir: '.',
	globOptions: {
		matchBase: true,
		dot: true
	},
	subTaskConcurrency: 1,
	renderer: 'verbose'
}


Running tasks for * [started]
Running tasks for * [skipped]
→ No staged files match *
"
`;
